[2026-06-15 13:32:23,272] multiqc                                            [DEBUG  ]  This is MultiQC v1.18
[2026-06-15 13:32:23,273] multiqc                                            [DEBUG  ]  Command used: /usr/bin/multiqc results/fastqc_trimmed -o results/multiqc_trimmed
[2026-06-15 13:32:24,436] multiqc                                            [WARNING]  MultiQC Version v1.35 now available!
[2026-06-15 13:32:24,437] multiqc                                            [DEBUG  ]  Working dir : /home/ruchika/Desktop/cccp_rnaseq_project
[2026-06-15 13:32:24,437] multiqc                                            [DEBUG  ]  Template    : default
[2026-06-15 13:32:24,437] multiqc                                            [DEBUG  ]  Running Python 3.12.3 (main, Mar 23 2026, 19:04:32) [GCC 13.3.0]
[2026-06-15 13:32:24,437] multiqc                                            [DEBUG  ]  Analysing modules: custom_content, ccs, ngsderive, purple, conpair, lima, peddy, somalier, methylQA, mosdepth, phantompeakqualtools, qualimap, preseq, hifiasm, quast, qorts, rna_seqc, rockhopper, rsem, rseqc, busco, bustools, goleft_indexcov, gffcompare, disambiguate, supernova, deeptools, sargasso, verifybamid, mirtrace, happy, mirtop, sambamba, gopeaks, homer, hops, macs2, theta2, snpeff, gatk, htseq, bcftools, featureCounts, fgbio, dragen, dragen_fastqc, dedup, pbmarkdup, damageprofiler, mapdamage, biobambam2, jcvi, mtnucratio, picard, vep, bakta, prokka, qc3C, nanostat, samblaster, samtools, sexdeterrmine, seqera_cli, eigenstratdatabasetools, bamtools, jellyfish, vcftools, longranger, stacks, varscan2, snippy, umitools, truvari, bbmap, bismark, biscuit, diamond, hicexplorer, hicup, hicpro, salmon, kallisto, slamdunk, star, hisat2, tophat, bowtie2, bowtie1, cellranger, snpsplit, odgi, pangolin, nextclade, freyja, humid, kat, leehom, librarian, adapterRemoval, bbduk, clipandmerge, cutadapt, flexbar, sourmash, kaiju, bracken, kraken, malt, motus, trimmomatic, sickle, skewer, sortmerna, biobloomtools, fastq_screen, afterqc, fastp, fastqc, filtlong, prinseqplusplus, pychopper, porechop, pycoqc, minionqc, anglerfish, multivcfanalyzer, clusterflow, checkqc, bcl2fastq, bclconvert, interop, ivar, flash, seqyclean, optitype, whatshap, xenome, xengsort
[2026-06-15 13:32:24,438] multiqc                                            [DEBUG  ]  Using temporary directory for creating report: /tmp/tmp0ruft0rn
[2026-06-15 13:32:24,445] multiqc                                            [INFO   ]  Search path : /home/ruchika/Desktop/cccp_rnaseq_project/results/fastqc_trimmed
[2026-06-15 13:32:24,789] multiqc                                            [DEBUG  ]  Summary of files that were skipped by the search: [skipped_module_specific_max_filesize: 288] // [skipped_no_match: 24]
[2026-06-15 13:32:25,190] multiqc.plots.bargraph                             [DEBUG  ]  Using matplotlib version 3.6.3
[2026-06-15 13:32:25,194] multiqc.plots.linegraph                            [DEBUG  ]  Using matplotlib version 3.6.3
[2026-06-15 13:32:25,195] multiqc                                            [DEBUG  ]  No samples found: custom_content
[2026-06-15 13:32:26,475] multiqc.modules.fastqc.fastqc                      [INFO   ]  Found 24 reports
[2026-06-15 13:32:26,518] multiqc.utils.software_versions                    [DEBUG  ]  Reading software versions from config.software_versions
[2026-06-15 13:32:26,530] multiqc                                            [DEBUG  ]  Compressing plot data
[2026-06-15 13:32:26,682] multiqc                                            [INFO   ]  Report      : results/multiqc_trimmed/multiqc_report.html
[2026-06-15 13:32:26,682] multiqc                                            [INFO   ]  Data        : results/multiqc_trimmed/multiqc_data
[2026-06-15 13:32:26,682] multiqc                                            [DEBUG  ]  Moving data file from '/tmp/tmp0ruft0rn/multiqc_data' to 'results/multiqc_trimmed/multiqc_data'
[2026-06-15 13:32:26,700] multiqc                                            [DEBUG  ]  Full report path: /home/ruchika/Desktop/cccp_rnaseq_project/results/multiqc_trimmed/multiqc_report.html
[2026-06-15 13:32:26,800] multiqc                                            [ERROR  ]  Could not include file 'assets/js/packages/jszip.min.js': [Errno 2] No such file or directory: '/tmp/tmp0ruft0rn/assets/js/packages/jszip.min.js'
[2026-06-15 13:32:26,852] multiqc                                            [INFO   ]  MultiQC complete
